// Jest Snapshot v1, https://goo.gl/fbAQLP

exports[`StringFilter.vue matches the snapshot 1`] = `
<div
  class="container"
  id="app"
>
  <div
    class="row"
  >
    <div
      class="col col-md-3"
    >
      <filter-container-stub
        canedit="true"
        filters="[object Object],[object Object],[object Object],[object Object],[object Object],[object Object],[object Object],[object Object],[object Object],[object Object]"
        filtersshown="disease,search,color,name,age,number,checkbox-options"
        value="[object Object]"
      />
    </div>
     
    <div
      class="col col-md-8"
    >
      <active-filters-stub
        filters="[object Object],[object Object],[object Object],[object Object],[object Object],[object Object],[object Object],[object Object],[object Object],[object Object]"
        value="[object Object]"
      />
       
      <br />
      <br />
       
      <pre>
        <strong>
          selections:
        </strong>
        {
  "search": "test"
}
      </pre>
       
      <pre>
        <strong>
          visibility:
        </strong>
        [
  "disease",
  "search",
  "color",
  "name",
  "age",
  "number",
  "checkbox-options"
]
      </pre>
    </div>
  </div>
</div>
`;
